#
# There is insufficient memory for the Java Runtime Environment to continue.
# Native memory allocation (malloc) failed to allocate 1048576 bytes. Error detail: AllocateHeap
# Possible reasons:
#   The system is out of physical RAM or swap space
#   This process is running with CompressedOops enabled, and the Java Heap may be blocking the growth of the native heap
# Possible solutions:
#   Reduce memory load on the system
#   Increase physical memory or swap space
#   Check if swap backing store is full
#   Decrease Java heap size (-Xmx/-Xms)
#   Decrease number of Java threads
#   Decrease Java thread stack sizes (-Xss)
#   Set larger code cache with -XX:ReservedCodeCacheSize=
#   JVM is running with Unscaled Compressed Oops mode in which the Java heap is
#     placed in the first 4GB address space. The Java Heap base address is the
#     maximum limit for the native heap growth. Please use -XX:HeapBaseMinAddress
#     to set the Java Heap base and to place the Java Heap above 4GB virtual address.
# This output file may be truncated or incomplete.
#
#  Out of Memory Error (allocation.cpp:44), pid=19064, tid=1788
#
# JRE version: OpenJDK Runtime Environment Temurin-21.0.10+7 (21.0.10+7) (build 21.0.10+7-LTS)
# Java VM: OpenJDK 64-Bit Server VM Temurin-21.0.10+7 (21.0.10+7-LTS, mixed mode, sharing, tiered, compressed oops, compressed class ptrs, parallel gc, windows-amd64)
# No core dump will be written. Minidumps are not enabled by default on client versions of Windows
#

---------------  S U M M A R Y ------------

Command Line: --add-modules=ALL-SYSTEM --add-opens=java.base/java.util=ALL-UNNAMED --add-opens=java.base/java.lang=ALL-UNNAMED --add-opens=java.base/sun.nio.fs=ALL-UNNAMED -Declipse.application=org.eclipse.jdt.ls.core.id1 -Dosgi.bundles.defaultStartLevel=4 -Declipse.product=org.eclipse.jdt.ls.core.product -Djava.import.generatesMetadataFilesAtProjectRoot=false -DDetectVMInstallationsJob.disabled=true -Dfile.encoding=utf8 -XX:+UseParallelGC -XX:GCTimeRatio=4 -XX:AdaptiveSizePolicyWeight=90 -Dsun.zip.disableMemoryMapping=true -Xmx2G -Xms100m -Xlog:disable -javaagent:c:\Users\bcaro\.vscode\extensions\redhat.java-1.54.0-win32-x64\lombok\lombok-1.18.39-4050.jar -XX:+HeapDumpOnOutOfMemoryError -XX:HeapDumpPath=c:\Users\bcaro\AppData\Roaming\Code\User\workspaceStorage\eec651ce3047ecfa1403bab0ebfeefb4\redhat.java -Daether.dependencyCollector.impl=bf c:\Users\bcaro\.vscode\extensions\redhat.java-1.54.0-win32-x64\server\plugins\org.eclipse.equinox.launcher_1.7.100.v20251111-0406.jar -configuration c:\Users\bcaro\AppData\Roaming\Code\User\globalStorage\redhat.java\1.54.0\config_win -data c:\Users\bcaro\AppData\Roaming\Code\User\workspaceStorage\eec651ce3047ecfa1403bab0ebfeefb4\redhat.java\jdt_ws --pipe=\\.\pipe\lsp-757216f625a9f8aabe395d036f236b56-sock

Host: AMD Ryzen 5 7520U with Radeon Graphics         , 8 cores, 7G,  Windows 11 , 64 bit Build 26100 (10.0.26100.8328)
Time: Thu Jun 18 01:57:32 2026 Hora est. Sudamérica Pacífico elapsed time: 3819.247842 seconds (0d 1h 3m 39s)

---------------  T H R E A D  ---------------

Current thread (0x0000020f222e9860):  JavaThread "Attach Listener" daemon [_thread_in_vm, id=1788, stack(0x0000001d30100000,0x0000001d30200000) (1024K)]

Stack: [0x0000001d30100000,0x0000001d30200000]
Native frames: (J=compiled Java code, j=interpreted, Vv=VM code, C=native code)
V  [jvm.dll+0x6d7a39]
V  [jvm.dll+0x8b4b26]
V  [jvm.dll+0x8b70de]
V  [jvm.dll+0x8b77c3]
V  [jvm.dll+0x284346]
V  [jvm.dll+0xc1277]
V  [jvm.dll+0x6d82e9]
V  [jvm.dll+0x1334a6]
V  [jvm.dll+0x3f857e]
V  [jvm.dll+0x85f59d]
V  [jvm.dll+0x6d626d]
C  [ucrtbase.dll+0x37b0]
C  [KERNEL32.DLL+0x2e957]
C  [ntdll.dll+0x427c]


---------------  P R O C E S S  ---------------

Threads class SMR info:
_java_thread_list=0x0000020f6c9b6700, length=34, elements={
0x0000020f093fbf70, 0x0000020f0b92c020, 0x0000020f222e4730, 0x0000020f222e6a70,
0x0000020f222e9860, 0x0000020f222ea2c0, 0x0000020f222ead20, 0x0000020f222f1ad0,
0x0000020f22313980, 0x0000020f64d89d50, 0x0000020f64efd690, 0x0000020f69709170,
0x0000020f69708450, 0x0000020f69706a10, 0x0000020f69708ae0, 0x0000020f69709800,
0x0000020f69707730, 0x0000020f697070a0, 0x0000020f69706380, 0x0000020f6a5a9890,
0x0000020f6a5ab2d0, 0x0000020f6a5ab960, 0x0000020f6a5acd10, 0x0000020f6a5ad3a0,
0x0000020f6a5a9f20, 0x0000020f6a5ada30, 0x0000020f6a5aa5b0, 0x0000020f6a5af470,
0x0000020f6a5ae750, 0x0000020f6a5b0820, 0x0000020f6a5afb00, 0x0000020f6a5b0eb0,
0x0000020f6a5aede0, 0x0000020f6a5ae0c0
}

Java Threads: ( => current thread )
  0x0000020f093fbf70 JavaThread "main"                              [_thread_blocked, id=23172, stack(0x0000001d2fa00000,0x0000001d2fb00000) (1024K)]
  0x0000020f0b92c020 JavaThread "Reference Handler"          daemon [_thread_blocked, id=10392, stack(0x0000001d2fe00000,0x0000001d2ff00000) (1024K)]
  0x0000020f222e4730 JavaThread "Finalizer"                  daemon [_thread_blocked, id=21728, stack(0x0000001d2ff00000,0x0000001d30000000) (1024K)]
  0x0000020f222e6a70 JavaThread "Signal Dispatcher"          daemon [_thread_blocked, id=23756, stack(0x0000001d30000000,0x0000001d30100000) (1024K)]
=>0x0000020f222e9860 JavaThread "Attach Listener"            daemon [_thread_in_vm, id=1788, stack(0x0000001d30100000,0x0000001d30200000) (1024K)]
  0x0000020f222ea2c0 JavaThread "Service Thread"             daemon [_thread_blocked, id=13016, stack(0x0000001d30200000,0x0000001d30300000) (1024K)]
  0x0000020f222ead20 JavaThread "Monitor Deflation Thread"   daemon [_thread_blocked, id=3176, stack(0x0000001d30300000,0x0000001d30400000) (1024K)]
  0x0000020f222f1ad0 JavaThread "C2 CompilerThread0"         daemon [_thread_blocked, id=26512, stack(0x0000001d30400000,0x0000001d30500000) (1024K)]
  0x0000020f22313980 JavaThread "C1 CompilerThread0"         daemon [_thread_blocked, id=25400, stack(0x0000001d30500000,0x0000001d30600000) (1024K)]
  0x0000020f64d89d50 JavaThread "Common-Cleaner"             daemon [_thread_blocked, id=2820, stack(0x0000001d30600000,0x0000001d30700000) (1024K)]
  0x0000020f64efd690 JavaThread "Notification Thread"        daemon [_thread_blocked, id=2504, stack(0x0000001d30800000,0x0000001d30900000) (1024K)]
  0x0000020f69709170 JavaThread "Active Thread: Equinox Container: 28281afc-30a7-4749-b1ce-b98612f7ed10"        [_thread_blocked, id=9280, stack(0x0000001d30700000,0x0000001d30800000) (1024K)]
  0x0000020f69708450 JavaThread "Refresh Thread: Equinox Container: 28281afc-30a7-4749-b1ce-b98612f7ed10" daemon [_thread_blocked, id=9012, stack(0x0000001d31100000,0x0000001d31200000) (1024K)]
  0x0000020f69706a10 JavaThread "Framework Event Dispatcher: Equinox Container: 28281afc-30a7-4749-b1ce-b98612f7ed10" daemon [_thread_blocked, id=7980, stack(0x0000001d31200000,0x0000001d31300000) (1024K)]
  0x0000020f69708ae0 JavaThread "Start Level: Equinox Container: 28281afc-30a7-4749-b1ce-b98612f7ed10" daemon [_thread_blocked, id=11792, stack(0x0000001d31300000,0x0000001d31400000) (1024K)]
  0x0000020f69709800 JavaThread "Bundle File Closer"         daemon [_thread_blocked, id=11996, stack(0x0000001d31500000,0x0000001d31600000) (1024K)]
  0x0000020f69707730 JavaThread "SCR Component Actor"        daemon [_thread_blocked, id=19464, stack(0x0000001d31000000,0x0000001d31100000) (1024K)]
  0x0000020f697070a0 JavaThread "Worker-JM"                         [_thread_blocked, id=18988, stack(0x0000001d31700000,0x0000001d31800000) (1024K)]
  0x0000020f69706380 JavaThread "JNA Cleaner"                daemon [_thread_blocked, id=11308, stack(0x0000001d31400000,0x0000001d31500000) (1024K)]
  0x0000020f6a5a9890 JavaThread "Worker-1"                          [_thread_blocked, id=13292, stack(0x0000001d31800000,0x0000001d31900000) (1024K)]
  0x0000020f6a5ab2d0 JavaThread "Worker-2"                          [_thread_blocked, id=22984, stack(0x0000001d31a00000,0x0000001d31b00000) (1024K)]
  0x0000020f6a5ab960 JavaThread "Java indexing"              daemon [_thread_blocked, id=16000, stack(0x0000001d31b00000,0x0000001d31c00000) (1024K)]
  0x0000020f6a5acd10 JavaThread "Thread-1"                   daemon [_thread_in_native, id=15244, stack(0x0000001d32000000,0x0000001d32100000) (1024K)]
  0x0000020f6a5ad3a0 JavaThread "Thread-2"                   daemon [_thread_in_native, id=19884, stack(0x0000001d32100000,0x0000001d32200000) (1024K)]
  0x0000020f6a5a9f20 JavaThread "Thread-3"                   daemon [_thread_in_native, id=20012, stack(0x0000001d32200000,0x0000001d32300000) (1024K)]
  0x0000020f6a5ada30 JavaThread "Thread-4"                   daemon [_thread_in_native, id=7888, stack(0x0000001d32300000,0x0000001d32400000) (1024K)]
  0x0000020f6a5aa5b0 JavaThread "Thread-5"                   daemon [_thread_in_native, id=26484, stack(0x0000001d32400000,0x0000001d32500000) (1024K)]
  0x0000020f6a5af470 JavaThread "Thread-6"                   daemon [_thread_in_native, id=10596, stack(0x0000001d32500000,0x0000001d32600000) (1024K)]
  0x0000020f6a5ae750 JavaThread "Thread-7"                   daemon [_thread_in_native, id=30668, stack(0x0000001d32600000,0x0000001d32700000) (1024K)]
  0x0000020f6a5b0820 JavaThread "Thread-8"                   daemon [_thread_in_native, id=21324, stack(0x0000001d32700000,0x0000001d32800000) (1024K)]
  0x0000020f6a5afb00 JavaThread "Thread-9"                   daemon [_thread_in_native, id=27892, stack(0x0000001d32800000,0x0000001d32900000) (1024K)]
  0x0000020f6a5b0eb0 JavaThread "pool-2-thread-1"                   [_thread_blocked, id=7448, stack(0x0000001d32900000,0x0000001d32a00000) (1024K)]
  0x0000020f6a5aede0 JavaThread "WorkspaceEventsHandler"            [_thread_blocked, id=13096, stack(0x0000001d32a00000,0x0000001d32b00000) (1024K)]
  0x0000020f6a5ae0c0 JavaThread "pool-1-thread-1"                   [_thread_blocked, id=12532, stack(0x0000001d32b00000,0x0000001d32c00000) (1024K)]
Total: 34

Other Threads:
  0x0000020f222e1d60 VMThread "VM Thread"                           [id=12976, stack(0x0000001d2fd00000,0x0000001d2fe00000) (1024K)]
  0x0000020f221fca00 WatcherThread "VM Periodic Task Thread"        [id=26980, stack(0x0000001d2fc00000,0x0000001d2fd00000) (1024K)]
  0x0000020f0b88e520 WorkerThread "GC Thread#0"                     [id=29820, stack(0x0000001d2fb00000,0x0000001d2fc00000) (1024K)]
  0x0000020f64faf2c0 WorkerThread "GC Thread#1"                     [id=9904, stack(0x0000001d30900000,0x0000001d30a00000) (1024K)]
  0x0000020f6940ee20 WorkerThread "GC Thread#2"                     [id=31228, stack(0x0000001d30a00000,0x0000001d30b00000) (1024K)]
  0x0000020f6940f1d0 WorkerThread "GC Thread#3"                     [id=4492, stack(0x0000001d30b00000,0x0000001d30c00000) (1024K)]
  0x0000020f6940f580 WorkerThread "GC Thread#4"                     [id=20312, stack(0x0000001d30c00000,0x0000001d30d00000) (1024K)]
  0x0000020f64f52e20 WorkerThread "GC Thread#5"                     [id=1660, stack(0x0000001d30d00000,0x0000001d30e00000) (1024K)]
  0x0000020f64f531d0 WorkerThread "GC Thread#6"                     [id=30780, stack(0x0000001d30e00000,0x0000001d30f00000) (1024K)]
  0x0000020f6962bb20 WorkerThread "GC Thread#7"                     [id=19852, stack(0x0000001d30f00000,0x0000001d31000000) (1024K)]
Total: 10

Threads with active compile tasks:
Total: 0

VM state: not at safepoint (normal execution)

VM Mutex/Monitor currently owned by a thread: None

Heap address: 0x0000000080000000, size: 2048 MB, Compressed Oops mode: 32-bit

CDS archive(s) mapped at: [0x0000020f23000000-0x0000020f23ba0000-0x0000020f23ba0000), size 12189696, SharedBaseAddress: 0x0000020f23000000, ArchiveRelocationMode: 1.
Compressed class space mapped at: 0x0000020f24000000-0x0000020f64000000, reserved size: 1073741824
Narrow klass base: 0x0000020f23000000, Narrow klass shift: 0, Narrow klass range: 0x100000000

GC Precious Log:
 CardTable entry size: 512
 CPUs: 8 total, 8 available
 Memory: 7455M
 Large Page Support: Disabled
 NUMA Support: Disabled
 Compressed Oops: Enabled (32-bit)
 Alignments: Space 512K, Generation 512K, Heap 2M
 Heap Min Capacity: 100M
 Heap Initial Capacity: 100M
 Heap Max Capacity: 2G
 Pre-touch: Disabled
 Parallel Workers: 8

Heap:
 PSYoungGen      total 19968K, used 2621K [0x00000000d5580000, 0x00000000d6c00000, 0x0000000100000000)
  eden space 16384K, 12% used [0x00000000d5580000,0x00000000d576e1e0,0x00000000d6580000)
  from space 3584K, 17% used [0x00000000d6700000,0x00000000d67a1420,0x00000000d6a80000)
  to   space 1536K, 0% used [0x00000000d6a80000,0x00000000d6a80000,0x00000000d6c00000)
 ParOldGen       total 75264K, used 67055K [0x0000000080000000, 0x0000000084980000, 0x00000000d5580000)
  object space 75264K, 89% used [0x0000000080000000,0x000000008417bd90,0x0000000084980000)
 Metaspace       used 62908K, committed 64384K, reserved 1114112K
  class space    used 6753K, committed 7424K, reserved 1048576K

Card table byte_map: [0x0000020f0b210000,0x0000020f0b620000] _byte_map_base: 0x0000020f0ae10000

Marking Bits: (ParMarkBitMap*) 0x00007ff98e793450
 Begin Bits: [0x0000020f1dd20000, 0x0000020f1fd20000)
 End Bits:   [0x0000020f1fd20000, 0x0000020f21d20000)

Polling page: 0x0000020f096e0000

Metaspace:

Usage:
  Non-class:     54.84 MB used.
      Class:      6.60 MB used.
       Both:     61.43 MB used.

Virtual space:
  Non-class space:       64.00 MB reserved,      55.62 MB ( 87%) committed,  1 nodes.
      Class space:        1.00 GB reserved,       7.25 MB ( <1%) committed,  1 nodes.
             Both:        1.06 GB reserved,      62.88 MB (  6%) committed. 

Chunk freelists:
   Non-Class:  8.02 MB
       Class:  8.73 MB
        Both:  16.74 MB

MaxMetaspaceSize: unlimited
CompressedClassSpaceSize: 1.00 GB
Initial GC threshold: 21.00 MB
Current GC threshold: 97.31 MB
CDS: on
 - commit_granule_bytes: 65536.
 - commit_granule_words: 8192.
 - virtual_space_node_default_size: 8388608.
 - enlarge_chunks_in_place: 1.
 - use_allocation_guard: 0.


Internal statistics:

num_allocs_failed_limit: 11.
num_arena_births: 1178.
num_arena_deaths: 14.
num_vsnodes_births: 2.
num_vsnodes_deaths: 0.
num_space_committed: 1006.
num_space_uncommitted: 0.
num_chunks_returned_to_freelist: 25.
num_chunks_taken_from_freelist: 4119.
num_chunk_merges: 14.
num_chunk_splits: 2567.
num_chunks_enlarged: 1446.
num_inconsistent_stats: 0.

CodeHeap 'non-profiled nmethods': size=120000Kb used=6486Kb max_used=6486Kb free=113513Kb
 bounds [0x0000020f16540000, 0x0000020f16ba0000, 0x0000020f1da70000]
CodeHeap 'profiled nmethods': size=120000Kb used=22418Kb max_used=22418Kb free=97582Kb
 bounds [0x0000020f0ea70000, 0x0000020f10060000, 0x0000020f15fa0000]
CodeHeap 'non-nmethods': size=5760Kb used=1424Kb max_used=1475Kb free=4335Kb
 bounds [0x0000020f15fa0000, 0x0000020f16210000, 0x0000020f16540000]
CodeCache: size=245760Kb, used=30328Kb, max_used=30379Kb, free=215430Kb
 total_blobs=10985, nmethods=10251, adapters=640, full_count=0
Compilation: enabled, stopped_count=0, restarted_count=0

Compilation events (20 events):
Event: 2737.057 Thread 0x0000020f22313980 10971       3       java.lang.ProcessHandleImpl::<init> (15 bytes)
Event: 2737.066 Thread 0x0000020f22313980 nmethod 10971 0x0000020f10050090 code [0x0000020f10050240, 0x0000020f100503b0]
Event: 2747.069 Thread 0x0000020f22313980 10972       3       java.lang.ProcessHandleImpl::get (51 bytes)
Event: 2747.091 Thread 0x0000020f22313980 nmethod 10972 0x0000020f10050490 code [0x0000020f100506a0, 0x0000020f10050ca8]
Event: 2767.100 Thread 0x0000020f22313980 10973       3       java.lang.ProcessHandle::of (5 bytes)
Event: 2767.100 Thread 0x0000020f22313980 nmethod 10973 0x0000020f10050f10 code [0x0000020f100510c0, 0x0000020f100511d8]
Event: 2767.100 Thread 0x0000020f22313980 10974       3       java.lang.ProcessHandleImpl::isAlive (44 bytes)
Event: 2767.103 Thread 0x0000020f22313980 nmethod 10974 0x0000020f10051290 code [0x0000020f10051440, 0x0000020f100516a0]
Event: 2786.481 Thread 0x0000020f22313980 10975   !   3       java.util.logging.LogManager::ensureLogManagerInitialized (144 bytes)
Event: 2786.541 Thread 0x0000020f22313980 nmethod 10975 0x0000020f10051790 code [0x0000020f10051aa0, 0x0000020f10052bc0]
Event: 3011.733 Thread 0x0000020f22313980 10976       3       org.eclipse.core.internal.resources.ResourceInfo::shareStrings (43 bytes)
Event: 3011.772 Thread 0x0000020f22313980 nmethod 10976 0x0000020f10053190 code [0x0000020f10053360, 0x0000020f10053600]
Event: 3097.538 Thread 0x0000020f22313980 10977       3       java.util.concurrent.ScheduledThreadPoolExecutor$ScheduledFutureTask::setNextRunTime (38 bytes)
Event: 3097.569 Thread 0x0000020f22313980 nmethod 10977 0x0000020f10053710 code [0x0000020f100538c0, 0x0000020f10053b50]
Event: 3097.569 Thread 0x0000020f22313980 10978       3       java.util.concurrent.ScheduledThreadPoolExecutor::reExecutePeriodic (49 bytes)
Event: 3097.598 Thread 0x0000020f22313980 nmethod 10978 0x0000020f10053c10 code [0x0000020f10053e40, 0x0000020f100545c0]
Event: 3465.752 Thread 0x0000020f222f1ad0 10979       4       jdk.internal.misc.Unsafe::putIntOpaque (9 bytes)
Event: 3465.844 Thread 0x0000020f222f1ad0 nmethod 10979 0x0000020f16b95510 code [0x0000020f16b956a0, 0x0000020f16b95738]
Event: 3555.790 Thread 0x0000020f22313980 10980       1       org.eclipse.osgi.internal.location.BasicLocation::isReadOnly (5 bytes)
Event: 3555.797 Thread 0x0000020f22313980 nmethod 10980 0x0000020f16b95810 code [0x0000020f16b959a0, 0x0000020f16b95a70]

GC Heap History (20 events):
Event: 793.632 GC heap before
{Heap before GC invocations=59 (full 2):
 PSYoungGen      total 18944K, used 18454K [0x00000000d5580000, 0x00000000d6a00000, 0x0000000100000000)
  eden space 17408K, 100% used [0x00000000d5580000,0x00000000d6680000,0x00000000d6680000)
  from space 1536K, 68% used [0x00000000d6880000,0x00000000d6985b38,0x00000000d6a00000)
  to   space 1536K, 0% used [0x00000000d6700000,0x00000000d6700000,0x00000000d6880000)
 ParOldGen       total 70144K, used 69937K [0x0000000080000000, 0x0000000084480000, 0x00000000d5580000)
  object space 70144K, 99% used [0x0000000080000000,0x000000008444c4f8,0x0000000084480000)
 Metaspace       used 53838K, committed 55296K, reserved 1114112K
  class space    used 5733K, committed 6400K, reserved 1048576K
}
Event: 793.635 GC heap after
{Heap after GC invocations=59 (full 2):
 PSYoungGen      total 18944K, used 1531K [0x00000000d5580000, 0x00000000d6d80000, 0x0000000100000000)
  eden space 17408K, 0% used [0x00000000d5580000,0x00000000d5580000,0x00000000d6680000)
  from space 1536K, 99% used [0x00000000d6700000,0x00000000d687efb0,0x00000000d6880000)
  to   space 3584K, 0% used [0x00000000d6a00000,0x00000000d6a00000,0x00000000d6d80000)
 ParOldGen       total 71680K, used 71233K [0x0000000080000000, 0x0000000084600000, 0x00000000d5580000)
  object space 71680K, 99% used [0x0000000080000000,0x0000000084590498,0x0000000084600000)
 Metaspace       used 53838K, committed 55296K, reserved 1114112K
  class space    used 5733K, committed 6400K, reserved 1048576K
}
Event: 794.325 GC heap before
{Heap before GC invocations=60 (full 2):
 PSYoungGen      total 18944K, used 18939K [0x00000000d5580000, 0x00000000d6d80000, 0x0000000100000000)
  eden space 17408K, 100% used [0x00000000d5580000,0x00000000d6680000,0x00000000d6680000)
  from space 1536K, 99% used [0x00000000d6700000,0x00000000d687efb0,0x00000000d6880000)
  to   space 3584K, 0% used [0x00000000d6a00000,0x00000000d6a00000,0x00000000d6d80000)
 ParOldGen       total 71680K, used 71233K [0x0000000080000000, 0x0000000084600000, 0x00000000d5580000)
  object space 71680K, 99% used [0x0000000080000000,0x0000000084590498,0x0000000084600000)
 Metaspace       used 55519K, committed 56960K, reserved 1114112K
  class space    used 5943K, committed 6592K, reserved 1048576K
}
Event: 794.331 GC heap after
{Heap after GC invocations=60 (full 2):
 PSYoungGen      total 18944K, used 1163K [0x00000000d5580000, 0x00000000d6b80000, 0x0000000100000000)
  eden space 17408K, 0% used [0x00000000d5580000,0x00000000d5580000,0x00000000d6680000)
  from space 1536K, 75% used [0x00000000d6a00000,0x00000000d6b22f80,0x00000000d6b80000)
  to   space 2048K, 0% used [0x00000000d6780000,0x00000000d6780000,0x00000000d6980000)
 ParOldGen       total 73216K, used 72805K [0x0000000080000000, 0x0000000084780000, 0x00000000d5580000)
  object space 73216K, 99% used [0x0000000080000000,0x0000000084719510,0x0000000084780000)
 Metaspace       used 55519K, committed 56960K, reserved 1114112K
  class space    used 5943K, committed 6592K, reserved 1048576K
}
Event: 795.078 GC heap before
{Heap before GC invocations=61 (full 2):
 PSYoungGen      total 18944K, used 18528K [0x00000000d5580000, 0x00000000d6b80000, 0x0000000100000000)
  eden space 17408K, 99% used [0x00000000d5580000,0x00000000d6675118,0x00000000d6680000)
  from space 1536K, 75% used [0x00000000d6a00000,0x00000000d6b22f80,0x00000000d6b80000)
  to   space 2048K, 0% used [0x00000000d6780000,0x00000000d6780000,0x00000000d6980000)
 ParOldGen       total 73216K, used 72805K [0x0000000080000000, 0x0000000084780000, 0x00000000d5580000)
  object space 73216K, 99% used [0x0000000080000000,0x0000000084719510,0x0000000084780000)
 Metaspace       used 56370K, committed 57856K, reserved 1114112K
  class space    used 6044K, committed 6720K, reserved 1048576K
}
Event: 795.082 GC heap after
{Heap after GC invocations=61 (full 2):
 PSYoungGen      total 19456K, used 320K [0x00000000d5580000, 0x00000000d6a80000, 0x0000000100000000)
  eden space 17408K, 0% used [0x00000000d5580000,0x00000000d5580000,0x00000000d6680000)
  from space 2048K, 15% used [0x00000000d6780000,0x00000000d67d0000,0x00000000d6980000)
  to   space 1024K, 0% used [0x00000000d6980000,0x00000000d6980000,0x00000000d6a80000)
 ParOldGen       total 74240K, used 73863K [0x0000000080000000, 0x0000000084880000, 0x00000000d5580000)
  object space 74240K, 99% used [0x0000000080000000,0x0000000084821d38,0x0000000084880000)
 Metaspace       used 56370K, committed 57856K, reserved 1114112K
  class space    used 6044K, committed 6720K, reserved 1048576K
}
Event: 795.803 GC heap before
{Heap before GC invocations=62 (full 2):
 PSYoungGen      total 19456K, used 17728K [0x00000000d5580000, 0x00000000d6a80000, 0x0000000100000000)
  eden space 17408K, 100% used [0x00000000d5580000,0x00000000d6680000,0x00000000d6680000)
  from space 2048K, 15% used [0x00000000d6780000,0x00000000d67d0000,0x00000000d6980000)
  to   space 1024K, 0% used [0x00000000d6980000,0x00000000d6980000,0x00000000d6a80000)
 ParOldGen       total 74240K, used 73863K [0x0000000080000000, 0x0000000084880000, 0x00000000d5580000)
  object space 74240K, 99% used [0x0000000080000000,0x0000000084821d38,0x0000000084880000)
 Metaspace       used 57690K, committed 59136K, reserved 1114112K
  class space    used 6186K, committed 6848K, reserved 1048576K
}
Event: 795.807 GC heap after
{Heap after GC invocations=62 (full 2):
 PSYoungGen      total 18432K, used 992K [0x00000000d5580000, 0x00000000d6a80000, 0x0000000100000000)
  eden space 17408K, 0% used [0x00000000d5580000,0x00000000d5580000,0x00000000d6680000)
  from space 1024K, 96% used [0x00000000d6980000,0x00000000d6a78000,0x00000000d6a80000)
  to   space 1536K, 0% used [0x00000000d6780000,0x00000000d6780000,0x00000000d6900000)
 ParOldGen       total 74240K, used 74087K [0x0000000080000000, 0x0000000084880000, 0x00000000d5580000)
  object space 74240K, 99% used [0x0000000080000000,0x0000000084859d38,0x0000000084880000)
 Metaspace       used 57690K, committed 59136K, reserved 1114112K
  class space    used 6186K, committed 6848K, reserved 1048576K
}
Event: 796.270 GC heap before
{Heap before GC invocations=63 (full 2):
 PSYoungGen      total 18432K, used 7955K [0x00000000d5580000, 0x00000000d6a80000, 0x0000000100000000)
  eden space 17408K, 39% used [0x00000000d5580000,0x00000000d5c4cc60,0x00000000d6680000)
  from space 1024K, 96% used [0x00000000d6980000,0x00000000d6a78000,0x00000000d6a80000)
  to   space 1536K, 0% used [0x00000000d6780000,0x00000000d6780000,0x00000000d6900000)
 ParOldGen       total 74240K, used 74087K [0x0000000080000000, 0x0000000084880000, 0x00000000d5580000)
  object space 74240K, 99% used [0x0000000080000000,0x0000000084859d38,0x0000000084880000)
 Metaspace       used 58345K, committed 59776K, reserved 1114112K
  class space    used 6255K, committed 6912K, reserved 1048576K
}
Event: 796.275 GC heap after
{Heap after GC invocations=63 (full 2):
 PSYoungGen      total 18944K, used 579K [0x00000000d5580000, 0x00000000d6a00000, 0x0000000100000000)
  eden space 17408K, 0% used [0x00000000d5580000,0x00000000d5580000,0x00000000d6680000)
  from space 1536K, 37% used [0x00000000d6780000,0x00000000d6810e70,0x00000000d6900000)
  to   space 1024K, 0% used [0x00000000d6900000,0x00000000d6900000,0x00000000d6a00000)
 ParOldGen       total 75264K, used 74911K [0x0000000080000000, 0x0000000084980000, 0x00000000d5580000)
  object space 75264K, 99% used [0x0000000080000000,0x0000000084927d38,0x0000000084980000)
 Metaspace       used 58345K, committed 59776K, reserved 1114112K
  class space    used 6255K, committed 6912K, reserved 1048576K
}
Event: 796.275 GC heap before
{Heap before GC invocations=64 (full 3):
 PSYoungGen      total 18944K, used 579K [0x00000000d5580000, 0x00000000d6a00000, 0x0000000100000000)
  eden space 17408K, 0% used [0x00000000d5580000,0x00000000d5580000,0x00000000d6680000)
  from space 1536K, 37% used [0x00000000d6780000,0x00000000d6810e70,0x00000000d6900000)
  to   space 1024K, 0% used [0x00000000d6900000,0x00000000d6900000,0x00000000d6a00000)
 ParOldGen       total 75264K, used 74911K [0x0000000080000000, 0x0000000084980000, 0x00000000d5580000)
  object space 75264K, 99% used [0x0000000080000000,0x0000000084927d38,0x0000000084980000)
 Metaspace       used 58345K, committed 59776K, reserved 1114112K
  class space    used 6255K, committed 6912K, reserved 1048576K
}
Event: 796.998 GC heap after
{Heap after GC invocations=64 (full 3):
 PSYoungGen      total 18944K, used 0K [0x00000000d5580000, 0x00000000d6a00000, 0x0000000100000000)
  eden space 17408K, 0% used [0x00000000d5580000,0x00000000d5580000,0x00000000d6680000)
  from space 1536K, 0% used [0x00000000d6780000,0x00000000d6780000,0x00000000d6900000)
  to   space 1024K, 0% used [0x00000000d6900000,0x00000000d6900000,0x00000000d6a00000)
 ParOldGen       total 75264K, used 61304K [0x0000000080000000, 0x0000000084980000, 0x00000000d5580000)
  object space 75264K, 81% used [0x0000000080000000,0x0000000083bde118,0x0000000084980000)
 Metaspace       used 58345K, committed 59776K, reserved 1114112K
  class space    used 6255K, committed 6912K, reserved 1048576K
}
Event: 1473.453 GC heap before
{Heap before GC invocations=65 (full 3):
 PSYoungGen      total 18944K, used 17408K [0x00000000d5580000, 0x00000000d6a00000, 0x0000000100000000)
  eden space 17408K, 100% used [0x00000000d5580000,0x00000000d6680000,0x00000000d6680000)
  from space 1536K, 0% used [0x00000000d6780000,0x00000000d6780000,0x00000000d6900000)
  to   space 1024K, 0% used [0x00000000d6900000,0x00000000d6900000,0x00000000d6a00000)
 ParOldGen       total 75264K, used 61304K [0x0000000080000000, 0x0000000084980000, 0x00000000d5580000)
  object space 75264K, 81% used [0x0000000080000000,0x0000000083bde118,0x0000000084980000)
 Metaspace       used 59895K, committed 61312K, reserved 1114112K
  class space    used 6451K, committed 7040K, reserved 1048576K
}
Event: 1473.525 GC heap after
{Heap after GC invocations=65 (full 3):
 PSYoungGen      total 17408K, used 996K [0x00000000d5580000, 0x00000000d6d80000, 0x0000000100000000)
  eden space 16384K, 0% used [0x00000000d5580000,0x00000000d5580000,0x00000000d6580000)
  from space 1024K, 97% used [0x00000000d6900000,0x00000000d69f9258,0x00000000d6a00000)
  to   space 3584K, 0% used [0x00000000d6580000,0x00000000d6580000,0x00000000d6900000)
 ParOldGen       total 75264K, used 63342K [0x0000000080000000, 0x0000000084980000, 0x00000000d5580000)
  object space 75264K, 84% used [0x0000000080000000,0x0000000083ddbb10,0x0000000084980000)
 Metaspace       used 59895K, committed 61312K, reserved 1114112K
  class space    used 6451K, committed 7040K, reserved 1048576K
}
Event: 1474.874 GC heap before
{Heap before GC invocations=66 (full 3):
 PSYoungGen      total 17408K, used 17366K [0x00000000d5580000, 0x00000000d6d80000, 0x0000000100000000)
  eden space 16384K, 99% used [0x00000000d5580000,0x00000000d657c860,0x00000000d6580000)
  from space 1024K, 97% used [0x00000000d6900000,0x00000000d69f9258,0x00000000d6a00000)
  to   space 3584K, 0% used [0x00000000d6580000,0x00000000d6580000,0x00000000d6900000)
 ParOldGen       total 75264K, used 63342K [0x0000000080000000, 0x0000000084980000, 0x00000000d5580000)
  object space 75264K, 84% used [0x0000000080000000,0x0000000083ddbb10,0x0000000084980000)
 Metaspace       used 61287K, committed 62784K, reserved 1114112K
  class space    used 6567K, committed 7232K, reserved 1048576K
}
Event: 1474.889 GC heap after
{Heap after GC invocations=66 (full 3):
 PSYoungGen      total 19968K, used 3571K [0x00000000d5580000, 0x00000000d7180000, 0x0000000100000000)
  eden space 16384K, 0% used [0x00000000d5580000,0x00000000d5580000,0x00000000d6580000)
  from space 3584K, 99% used [0x00000000d6580000,0x00000000d68fce58,0x00000000d6900000)
  to   space 6144K, 0% used [0x00000000d6b80000,0x00000000d6b80000,0x00000000d7180000)
 ParOldGen       total 75264K, used 65164K [0x0000000080000000, 0x0000000084980000, 0x00000000d5580000)
  object space 75264K, 86% used [0x0000000080000000,0x0000000083fa3120,0x0000000084980000)
 Metaspace       used 61287K, committed 62784K, reserved 1114112K
  class space    used 6567K, committed 7232K, reserved 1048576K
}
Event: 1476.149 GC heap before
{Heap before GC invocations=67 (full 3):
 PSYoungGen      total 19968K, used 19955K [0x00000000d5580000, 0x00000000d7180000, 0x0000000100000000)
  eden space 16384K, 100% used [0x00000000d5580000,0x00000000d6580000,0x00000000d6580000)
  from space 3584K, 99% used [0x00000000d6580000,0x00000000d68fce58,0x00000000d6900000)
  to   space 6144K, 0% used [0x00000000d6b80000,0x00000000d6b80000,0x00000000d7180000)
 ParOldGen       total 75264K, used 65164K [0x0000000080000000, 0x0000000084980000, 0x00000000d5580000)
  object space 75264K, 86% used [0x0000000080000000,0x0000000083fa3120,0x0000000084980000)
 Metaspace       used 61768K, committed 63232K, reserved 1114112K
  class space    used 6638K, committed 7296K, reserved 1048576K
}
Event: 1476.159 GC heap after
{Heap after GC invocations=67 (full 3):
 PSYoungGen      total 18944K, used 2144K [0x00000000d5580000, 0x00000000d6e00000, 0x0000000100000000)
  eden space 16384K, 0% used [0x00000000d5580000,0x00000000d5580000,0x00000000d6580000)
  from space 2560K, 83% used [0x00000000d6b80000,0x00000000d6d98000,0x00000000d6e00000)
  to   space 3584K, 0% used [0x00000000d6700000,0x00000000d6700000,0x00000000d6a80000)
 ParOldGen       total 75264K, used 66055K [0x0000000080000000, 0x0000000084980000, 0x00000000d5580000)
  object space 75264K, 87% used [0x0000000080000000,0x0000000084081d90,0x0000000084980000)
 Metaspace       used 61768K, committed 63232K, reserved 1114112K
  class space    used 6638K, committed 7296K, reserved 1048576K
}
Event: 1777.615 GC heap before
{Heap before GC invocations=68 (full 3):
 PSYoungGen      total 18944K, used 18523K [0x00000000d5580000, 0x00000000d6e00000, 0x0000000100000000)
  eden space 16384K, 99% used [0x00000000d5580000,0x00000000d657ed88,0x00000000d6580000)
  from space 2560K, 83% used [0x00000000d6b80000,0x00000000d6d98000,0x00000000d6e00000)
  to   space 3584K, 0% used [0x00000000d6700000,0x00000000d6700000,0x00000000d6a80000)
 ParOldGen       total 75264K, used 66055K [0x0000000080000000, 0x0000000084980000, 0x00000000d5580000)
  object space 75264K, 87% used [0x0000000080000000,0x0000000084081d90,0x0000000084980000)
 Metaspace       used 62827K, committed 64320K, reserved 1114112K
  class space    used 6745K, committed 7424K, reserved 1048576K
}
Event: 1777.723 GC heap after
{Heap after GC invocations=68 (full 3):
 PSYoungGen      total 19968K, used 645K [0x00000000d5580000, 0x00000000d6c00000, 0x0000000100000000)
  eden space 16384K, 0% used [0x00000000d5580000,0x00000000d5580000,0x00000000d6580000)
  from space 3584K, 17% used [0x00000000d6700000,0x00000000d67a1420,0x00000000d6a80000)
  to   space 1536K, 0% used [0x00000000d6a80000,0x00000000d6a80000,0x00000000d6c00000)
 ParOldGen       total 75264K, used 67055K [0x0000000080000000, 0x0000000084980000, 0x00000000d5580000)
  object space 75264K, 89% used [0x0000000080000000,0x000000008417bd90,0x0000000084980000)
 Metaspace       used 62827K, committed 64320K, reserved 1114112K
  class space    used 6745K, committed 7424K, reserved 1048576K
}

Dll operation events (10 events):
Event: 0.020 Loaded shared library c:\Users\bcaro\.vscode\extensions\redhat.java-1.54.0-win32-x64\jre\21.0.10-win32-x86_64\bin\java.dll
Event: 0.240 Loaded shared library c:\Users\bcaro\.vscode\extensions\redhat.java-1.54.0-win32-x64\jre\21.0.10-win32-x86_64\bin\zip.dll
Event: 0.291 Loaded shared library C:\Users\bcaro\.vscode\extensions\redhat.java-1.54.0-win32-x64\jre\21.0.10-win32-x86_64\bin\instrument.dll
Event: 0.302 Loaded shared library C:\Users\bcaro\.vscode\extensions\redhat.java-1.54.0-win32-x64\jre\21.0.10-win32-x86_64\bin\net.dll
Event: 0.308 Loaded shared library C:\Users\bcaro\.vscode\extensions\redhat.java-1.54.0-win32-x64\jre\21.0.10-win32-x86_64\bin\nio.dll
Event: 0.316 Loaded shared library C:\Users\bcaro\.vscode\extensions\redhat.java-1.54.0-win32-x64\jre\21.0.10-win32-x86_64\bin\zip.dll
Event: 0.355 Loaded shared library C:\Users\bcaro\.vscode\extensions\redhat.java-1.54.0-win32-x64\jre\21.0.10-win32-x86_64\bin\jimage.dll
Event: 0.473 Loaded shared library c:\Users\bcaro\.vscode\extensions\redhat.java-1.54.0-win32-x64\jre\21.0.10-win32-x86_64\bin\verify.dll
Event: 3.729 Loaded shared library C:\Users\bcaro\AppData\Roaming\Code\User\globalStorage\redhat.java\1.54.0\config_win\org.eclipse.equinox.launcher\org.eclipse.equinox.launcher.win32.win32.x86_64_1.3.0.v20260203-2149\eclipse_11919.dll
Event: 10.227 Loaded shared library C:\Users\bcaro\AppData\Local\Temp\jna-93551229\jna2258265029186275839.dll

Deoptimization events (20 events):
Event: 1777.879 Thread 0x0000020f6a5a9890 Uncommon trap: trap_request=0xffffffde fr.pc=0x0000020f16a69a60 relative=0x0000000000000320
Event: 1777.879 Thread 0x0000020f6a5a9890 Uncommon trap: reason=class_check action=maybe_recompile pc=0x0000020f16a69a60 method=java.io.DataOutputStream.writeByte(I)V @ 5 c2
Event: 1777.879 Thread 0x0000020f6a5a9890 DEOPT PACKING pc=0x0000020f16a69a60 sp=0x0000001d318fed70
Event: 1777.879 Thread 0x0000020f6a5a9890 DEOPT UNPACKING pc=0x0000020f15ff3aa2 sp=0x0000001d318fed28 mode 2
Event: 1777.879 Thread 0x0000020f6a5a9890 Uncommon trap: trap_request=0xffffffde fr.pc=0x0000020f16a69a60 relative=0x0000000000000320
Event: 1777.879 Thread 0x0000020f6a5a9890 Uncommon trap: reason=class_check action=maybe_recompile pc=0x0000020f16a69a60 method=java.io.DataOutputStream.writeByte(I)V @ 5 c2
Event: 1777.879 Thread 0x0000020f6a5a9890 DEOPT PACKING pc=0x0000020f16a69a60 sp=0x0000001d318fed70
Event: 1777.879 Thread 0x0000020f6a5a9890 DEOPT UNPACKING pc=0x0000020f15ff3aa2 sp=0x0000001d318fed28 mode 2
Event: 1777.879 Thread 0x0000020f6a5a9890 Uncommon trap: trap_request=0xffffffde fr.pc=0x0000020f16a5f4f8 relative=0x0000000000000b38
Event: 1777.879 Thread 0x0000020f6a5a9890 Uncommon trap: reason=class_check action=maybe_recompile pc=0x0000020f16a5f4f8 method=java.io.DataOutputStream.write([BII)V @ 7 c2
Event: 1777.879 Thread 0x0000020f6a5a9890 DEOPT PACKING pc=0x0000020f16a5f4f8 sp=0x0000001d318feca0
Event: 1777.879 Thread 0x0000020f6a5a9890 DEOPT UNPACKING pc=0x0000020f15ff3aa2 sp=0x0000001d318febd0 mode 2
Event: 1777.879 Thread 0x0000020f6a5a9890 Uncommon trap: trap_request=0xffffffde fr.pc=0x0000020f16a5f4f8 relative=0x0000000000000b38
Event: 1777.879 Thread 0x0000020f6a5a9890 Uncommon trap: reason=class_check action=maybe_recompile pc=0x0000020f16a5f4f8 method=java.io.DataOutputStream.write([BII)V @ 7 c2
Event: 1777.879 Thread 0x0000020f6a5a9890 DEOPT PACKING pc=0x0000020f16a5f4f8 sp=0x0000001d318febf0
Event: 1777.879 Thread 0x0000020f6a5a9890 DEOPT UNPACKING pc=0x0000020f15ff3aa2 sp=0x0000001d318feb20 mode 2
Event: 1777.881 Thread 0x0000020f6a5a9890 Uncommon trap: trap_request=0xffffffde fr.pc=0x0000020f16a68a64 relative=0x0000000000000424
Event: 1777.881 Thread 0x0000020f6a5a9890 Uncommon trap: reason=class_check action=maybe_recompile pc=0x0000020f16a68a64 method=java.io.DataOutputStream.writeInt(I)V @ 19 c2
Event: 1777.881 Thread 0x0000020f6a5a9890 DEOPT PACKING pc=0x0000020f16a68a64 sp=0x0000001d318fe950
Event: 1777.881 Thread 0x0000020f6a5a9890 DEOPT UNPACKING pc=0x0000020f15ff3aa2 sp=0x0000001d318fe8f8 mode 2

Classes loaded (20 events):
Event: 1476.640 Loading class java/io/CharArrayWriter
Event: 1476.640 Loading class java/io/CharArrayWriter done
Event: 1476.661 Loading class java/nio/file/attribute/PosixFileAttributes
Event: 1476.661 Loading class java/nio/file/attribute/PosixFileAttributes done
Event: 1774.623 Loading class java/util/stream/Nodes$CollectorTask$OfRef
Event: 1774.748 Loading class java/util/stream/Nodes$CollectorTask
Event: 1774.868 Loading class java/util/stream/Nodes$CollectorTask done
Event: 1774.868 Loading class java/util/stream/Nodes$CollectorTask$OfRef done
Event: 1774.895 Loading class java/util/function/LongFunction
Event: 1774.912 Loading class java/util/function/LongFunction done
Event: 1774.996 Loading class java/util/stream/Nodes$ConcNode
Event: 1775.056 Loading class java/util/stream/Nodes$AbstractConcNode
Event: 1775.161 Loading class java/util/stream/Nodes$AbstractConcNode done
Event: 1775.163 Loading class java/util/stream/Nodes$ConcNode done
Event: 1776.815 Loading class java/io/ObjectOutputStream$BlockDataOutputStream
Event: 1776.848 Loading class java/io/ObjectOutputStream$BlockDataOutputStream done
Event: 1776.849 Loading class java/io/ObjectOutputStream$HandleTable
Event: 1776.864 Loading class java/io/ObjectOutputStream$HandleTable done
Event: 1776.869 Loading class java/io/ObjectOutputStream$ReplaceTable
Event: 1776.877 Loading class java/io/ObjectOutputStream$ReplaceTable done

Classes unloaded (7 events):
Event: 11.634 Thread 0x0000020f222e1d60 Unloading class 0x0000020f241a3000 'java/lang/invoke/LambdaForm$MH+0x0000020f241a3000'
Event: 11.634 Thread 0x0000020f222e1d60 Unloading class 0x0000020f241a2c00 'java/lang/invoke/LambdaForm$MH+0x0000020f241a2c00'
Event: 11.634 Thread 0x0000020f222e1d60 Unloading class 0x0000020f241a2800 'java/lang/invoke/LambdaForm$MH+0x0000020f241a2800'
Event: 11.634 Thread 0x0000020f222e1d60 Unloading class 0x0000020f241a2400 'java/lang/invoke/LambdaForm$MH+0x0000020f241a2400'
Event: 11.634 Thread 0x0000020f222e1d60 Unloading class 0x0000020f241a2000 'java/lang/invoke/LambdaForm$BMH+0x0000020f241a2000'
Event: 11.634 Thread 0x0000020f222e1d60 Unloading class 0x0000020f241a1c00 'java/lang/invoke/LambdaForm$DMH+0x0000020f241a1c00'
Event: 11.634 Thread 0x0000020f222e1d60 Unloading class 0x0000020f241a0800 'java/lang/invoke/LambdaForm$DMH+0x0000020f241a0800'

Classes redefined (0 events):
No events

Internal exceptions (20 events):
Event: 1474.364 Thread 0x0000020f6d306bd0 Exception <a 'java/lang/NoSuchMethodError'{0x00000000d5d01f28}: 'void java.lang.invoke.DirectMethodHandle$Holder.invokeStatic(java.lang.Object, int, java.lang.Object)'> (0x00000000d5d01f28) 
thrown [s\src\hotspot\share\interpreter\linkResolver.cpp, line 773]
Event: 1474.485 Thread 0x0000020f6a5ab2d0 Exception <a 'java/lang/NoSuchMethodError'{0x00000000d5de5608}: 'java.lang.Object java.lang.invoke.DirectMethodHandle$Holder.newInvokeSpecial(java.lang.Object, java.lang.Object, int, int, java.lang.Object)'> (0x00000000d5de5608) 
thrown [s\src\hotspot\share\interpreter\linkResolver.cpp, line 773]
Event: 1474.698 Thread 0x0000020f6a5ab2d0 Exception <a 'sun/nio/fs/WindowsException'{0x00000000d6139220}> (0x00000000d6139220) 
thrown [s\src\hotspot\share\prims\jni.cpp, line 520]
Event: 1474.701 Thread 0x0000020f6d2ffc40 Exception <a 'sun/nio/fs/WindowsException'{0x00000000d616fd88}> (0x00000000d616fd88) 
thrown [s\src\hotspot\share\prims\jni.cpp, line 520]
Event: 1474.704 Thread 0x0000020f6d303de0 Exception <a 'sun/nio/fs/WindowsException'{0x00000000d6184598}> (0x00000000d6184598) 
thrown [s\src\hotspot\share\prims\jni.cpp, line 520]
Event: 1475.081 Thread 0x0000020f6a5ab2d0 Exception <a 'sun/nio/fs/WindowsException'{0x00000000d5830ac8}> (0x00000000d5830ac8) 
thrown [s\src\hotspot\share\prims\jni.cpp, line 520]
Event: 1475.081 Thread 0x0000020f6a5ab2d0 Exception <a 'sun/nio/fs/WindowsException'{0x00000000d58311e0}> (0x00000000d58311e0) 
thrown [s\src\hotspot\share\prims\jni.cpp, line 520]
Event: 1475.307 Thread 0x0000020f6a5ab2d0 Exception <a 'java/lang/NoSuchMethodError'{0x00000000d588eee8}: 'java.lang.Object java.lang.invoke.DirectMethodHandle$Holder.newInvokeSpecial(java.lang.Object, java.lang.Object, int, java.lang.Object, java.lang.Object)'> (0x00000000d588eee8) 
thrown [s\src\hotspot\share\interpreter\linkResolver.cpp, line 773]
Event: 1475.350 Thread 0x0000020f6a5ab2d0 Exception <a 'java/lang/NoSuchMethodError'{0x00000000d58a8f80}: 'java.lang.Object java.lang.invoke.DirectMethodHandle$Holder.invokeSpecial(java.lang.Object, java.lang.Object, java.lang.Object, int, java.lang.Object, java.lang.Object, java.lang.Object)'> (0x00000000d58a8f80) 
thrown [s\src\hotspot\share\interpreter\linkResolver.cpp, line 773]
Event: 1475.360 Thread 0x0000020f6a5ab2d0 Exception <a 'java/lang/NoSuchMethodError'{0x00000000d58b0f90}: 'java.lang.Object java.lang.invoke.DirectMethodHandle$Holder.invokeStatic(java.lang.Object, java.lang.Object, int, java.lang.Object, java.lang.Object)'> (0x00000000d58b0f90) 
thrown [s\src\hotspot\share\interpreter\linkResolver.cpp, line 773]
Event: 1475.552 Thread 0x0000020f6a5ab2d0 Exception <a 'java/lang/NoSuchMethodError'{0x00000000d592ff98}: 'void java.lang.invoke.DirectMethodHandle$Holder.invokeStatic(java.lang.Object, int)'> (0x00000000d592ff98) 
thrown [s\src\hotspot\share\interpreter\linkResolver.cpp, line 773]
Event: 1475.960 Thread 0x0000020f6a5ab2d0 Exception <a 'java/io/FileNotFoundException'{0x00000000d603b7d0}> (0x00000000d603b7d0) 
thrown [s\src\hotspot\share\prims\jni.cpp, line 520]
Event: 1475.960 Thread 0x0000020f6a5ab2d0 Exception <a 'java/io/FileNotFoundException'{0x00000000d603caa8}> (0x00000000d603caa8) 
thrown [s\src\hotspot\share\prims\jni.cpp, line 520]
Event: 1475.961 Thread 0x0000020f6a5ab2d0 Exception <a 'java/io/FileNotFoundException'{0x00000000d603dad8}> (0x00000000d603dad8) 
thrown [s\src\hotspot\share\prims\jni.cpp, line 520]
Event: 1476.251 Thread 0x0000020f6a5ab2d0 Implicit null exception at 0x0000020f167ff30f to 0x0000020f167fff3c
Event: 1776.511 Thread 0x0000020f6a5a9890 Exception <a 'sun/nio/fs/WindowsException'{0x00000000d6504578}> (0x00000000d6504578) 
thrown [s\src\hotspot\share\prims\jni.cpp, line 520]
Event: 1776.524 Thread 0x0000020f6a5a9890 Exception <a 'sun/nio/fs/WindowsException'{0x00000000d6504f40}> (0x00000000d6504f40) 
thrown [s\src\hotspot\share\prims\jni.cpp, line 520]
Event: 1776.600 Thread 0x0000020f6a5a9890 Implicit null exception at 0x0000020f16a58306 to 0x0000020f16a5868c
Event: 1777.763 Thread 0x0000020f6a5a9890 Exception <a 'java/lang/NoSuchMethodError'{0x00000000d559f998}: static [J.<clinit>()V> (0x00000000d559f998) 
thrown [s\src\hotspot\share\prims\jni.cpp, line 1111]
Event: 1777.950 Thread 0x0000020f6a5a9890 Exception <a 'java/lang/NoSuchMethodError'{0x00000000d55cd7b0}: 'java.lang.Object java.lang.invoke.DirectMethodHandle$Holder.newInvokeSpecial(java.lang.Object, java.lang.Object, java.lang.Object, java.lang.Object, java.lang.Object, java.lang.Object, java.lang.Object, java.lang.Object)'> (0x00000000d55cd7b0) 
thrown [s\src\hotspot\share\interpreter\linkResolver.cpp, line 773]

ZGC Phase Switch (0 events):
No events

VM Operations (20 events):
Event: 3066.802 Executing non-safepoint VM operation: HandshakeAllThreads (HandshakeForDeflation)
Event: 3066.803 Executing non-safepoint VM operation: HandshakeAllThreads (HandshakeForDeflation) done
Event: 3066.803 Executing non-safepoint VM operation: RendezvousGCThreads
Event: 3066.803 Executing non-safepoint VM operation: RendezvousGCThreads done
Event: 3126.963 Executing non-safepoint VM operation: HandshakeAllThreads (HandshakeForDeflation)
Event: 3126.965 Executing non-safepoint VM operation: HandshakeAllThreads (HandshakeForDeflation) done
Event: 3126.966 Executing non-safepoint VM operation: RendezvousGCThreads
Event: 3126.967 Executing non-safepoint VM operation: RendezvousGCThreads done
Event: 3187.058 Executing non-safepoint VM operation: HandshakeAllThreads (HandshakeForDeflation)
Event: 3187.065 Executing non-safepoint VM operation: HandshakeAllThreads (HandshakeForDeflation) done
Event: 3187.066 Executing non-safepoint VM operation: RendezvousGCThreads
Event: 3187.066 Executing non-safepoint VM operation: RendezvousGCThreads done
Event: 3247.262 Executing non-safepoint VM operation: HandshakeAllThreads (HandshakeForDeflation)
Event: 3247.272 Executing non-safepoint VM operation: HandshakeAllThreads (HandshakeForDeflation) done
Event: 3247.273 Executing non-safepoint VM operation: RendezvousGCThreads
Event: 3247.273 Executing non-safepoint VM operation: RendezvousGCThreads done
Event: 3788.564 Executing non-safepoint VM operation: HandshakeAllThreads (HandshakeForDeflation)
Event: 3788.576 Executing non-safepoint VM operation: HandshakeAllThreads (HandshakeForDeflation) done
Event: 3788.577 Executing non-safepoint VM operation: RendezvousGCThreads
Event: 3788.578 Executing non-safepoint VM operation: RendezvousGCThreads done

Memory protections (0 events):
No events

Nmethod flushes (20 events):
Event: 796.871 Thread 0x0000020f222e1d60 flushing  nmethod 0x0000020f0f39ab90
Event: 796.871 Thread 0x0000020f222e1d60 flushing  nmethod 0x0000020f0f39b690
Event: 796.871 Thread 0x0000020f222e1d60 flushing  nmethod 0x0000020f0f39ba90
Event: 796.871 Thread 0x0000020f222e1d60 flushing  nmethod 0x0000020f0f39be10
Event: 796.871 Thread 0x0000020f222e1d60 flushing  nmethod 0x0000020f0f3a2210
Event: 796.871 Thread 0x0000020f222e1d60 flushing  nmethod 0x0000020f0f3a8710
Event: 796.871 Thread 0x0000020f222e1d60 flushing  nmethod 0x0000020f0f3a8b90
Event: 796.871 Thread 0x0000020f222e1d60 flushing  nmethod 0x0000020f0f3a9a10
Event: 796.871 Thread 0x0000020f222e1d60 flushing  nmethod 0x0000020f0f3a9e10
Event: 796.871 Thread 0x0000020f222e1d60 flushing  nmethod 0x0000020f0f3aa190
Event: 796.871 Thread 0x0000020f222e1d60 flushing  nmethod 0x0000020f0f3aa710
Event: 796.871 Thread 0x0000020f222e1d60 flushing  nmethod 0x0000020f0f3aab10
Event: 796.871 Thread 0x0000020f222e1d60 flushing  nmethod 0x0000020f0f3ab090
Event: 796.871 Thread 0x0000020f222e1d60 flushing  nmethod 0x0000020f0f3abb90
Event: 796.871 Thread 0x0000020f222e1d60 flushing  nmethod 0x0000020f0f3abf10
Event: 796.871 Thread 0x0000020f222e1d60 flushing  nmethod 0x0000020f0f3b7090
Event: 796.871 Thread 0x0000020f222e1d60 flushing  nmethod 0x0000020f0f3b7690
Event: 796.871 Thread 0x0000020f222e1d60 flushing osr nmethod 0x0000020f0f3d9910
Event: 796.871 Thread 0x0000020f222e1d60 flushing  nmethod 0x0000020f0f419290
Event: 796.871 Thread 0x0000020f222e1d60 flushing osr nmethod 0x0000020f0f41eb90

Events (20 events):
Event: 1714.758 Thread 0x0000020f6d302a30 Thread exited: 0x0000020f6d302a30
Event: 1773.216 Thread 0x0000020f6d301680 Thread exited: 0x0000020f6d301680
Event: 1773.217 Thread 0x0000020f6d305820 Thread exited: 0x0000020f6d305820
Event: 1773.217 Thread 0x0000020f6d305190 Thread exited: 0x0000020f6d305190
Event: 1773.227 Thread 0x0000020f6d307260 Thread exited: 0x0000020f6d307260
Event: 1773.295 Thread 0x0000020f6d301d10 Thread exited: 0x0000020f6d301d10
Event: 1774.306 Thread 0x0000020f6a5a9890 Thread added: 0x0000020f6b2fcc30
Event: 1774.535 Thread 0x0000020f6d306540 Thread exited: 0x0000020f6d306540
Event: 1774.547 Thread 0x0000020f6a5ac680 Thread exited: 0x0000020f6a5ac680
Event: 1774.565 Thread 0x0000020f6a5abff0 Thread exited: 0x0000020f6a5abff0
Event: 1774.578 Thread 0x0000020f6a5b0190 Thread exited: 0x0000020f6a5b0190
Event: 1774.640 Thread 0x0000020f69707dc0 Thread exited: 0x0000020f69707dc0
Event: 1774.757 Thread 0x0000020f6b2ffa20 Thread exited: 0x0000020f6b2ffa20
Event: 1774.787 Thread 0x0000020f6d3023a0 Thread exited: 0x0000020f6d3023a0
Event: 1775.090 Thread 0x0000020f6b3000b0 Thread exited: 0x0000020f6b3000b0
Event: 1775.203 Thread 0x0000020f6b2fcc30 Thread exited: 0x0000020f6b2fcc30
Event: 1776.681 Thread 0x0000020f6a5a9890 Thread added: 0x0000020f6b2ffa20
Event: 1776.721 Thread 0x0000020f6b2ffa20 Thread exited: 0x0000020f6b2ffa20
Event: 1834.891 Thread 0x0000020f6d300ff0 Thread exited: 0x0000020f6d300ff0
Event: 1894.835 Thread 0x0000020f6d304b00 Thread exited: 0x0000020f6d304b00


Dynamic libraries:
0x00007ff76f6c0000 - 0x00007ff76f6ce000 	c:\Users\bcaro\.vscode\extensions\redhat.java-1.54.0-win32-x64\jre\21.0.10-win32-x86_64\bin\java.exe
0x00007ffa1c3c0000 - 0x00007ffa1c627000 	C:\WINDOWS\SYSTEM32\ntdll.dll
0x00007ffa1a9e0000 - 0x00007ffa1aaa9000 	C:\WINDOWS\System32\KERNEL32.DLL
0x00007ffa19190000 - 0x00007ffa19587000 	C:\WINDOWS\System32\KERNELBASE.dll
0x00007ffa19eb0000 - 0x00007ffa19ffb000 	C:\WINDOWS\System32\ucrtbase.dll
0x00007ff9fc980000 - 0x00007ff9fc99e000 	c:\Users\bcaro\.vscode\extensions\redhat.java-1.54.0-win32-x64\jre\21.0.10-win32-x86_64\bin\VCRUNTIME140.dll
0x00007ff9fc9a0000 - 0x00007ff9fc9b8000 	c:\Users\bcaro\.vscode\extensions\redhat.java-1.54.0-win32-x64\jre\21.0.10-win32-x86_64\bin\jli.dll
0x00007ffa1a360000 - 0x00007ffa1a526000 	C:\WINDOWS\System32\USER32.dll
0x00007ffa06500000 - 0x00007ffa06792000 	C:\WINDOWS\WinSxS\amd64_microsoft.windows.common-controls_6595b64144ccf1df_6.0.26100.8457_none_3e0b2faee331e92d\COMCTL32.dll
0x00007ffa18df0000 - 0x00007ffa18e17000 	C:\WINDOWS\System32\win32u.dll
0x00007ffa1c040000 - 0x00007ffa1c0e9000 	C:\WINDOWS\System32\msvcrt.dll
0x00007ffa1b620000 - 0x00007ffa1b64b000 	C:\WINDOWS\System32\GDI32.dll
0x00007ffa19060000 - 0x00007ffa1918c000 	C:\WINDOWS\System32\gdi32full.dll
0x00007ffa19e00000 - 0x00007ffa19ea3000 	C:\WINDOWS\System32\msvcp_win.dll
0x00007ffa1b3b0000 - 0x00007ffa1b3e2000 	C:\WINDOWS\System32\IMM32.DLL
0x00007ffa0d3c0000 - 0x00007ffa0d3cc000 	c:\Users\bcaro\.vscode\extensions\redhat.java-1.54.0-win32-x64\jre\21.0.10-win32-x86_64\bin\vcruntime140_1.dll
0x00007ff9f1e70000 - 0x00007ff9f1efd000 	c:\Users\bcaro\.vscode\extensions\redhat.java-1.54.0-win32-x64\jre\21.0.10-win32-x86_64\bin\msvcp140.dll
0x00007ff98dad0000 - 0x00007ff98e871000 	c:\Users\bcaro\.vscode\extensions\redhat.java-1.54.0-win32-x64\jre\21.0.10-win32-x86_64\bin\server\jvm.dll
0x00007ffa1ace0000 - 0x00007ffa1ad96000 	C:\WINDOWS\System32\ADVAPI32.dll
0x00007ffa1ab10000 - 0x00007ffa1abb7000 	C:\WINDOWS\System32\sechost.dll
0x00007ffa1abc0000 - 0x00007ffa1acd8000 	C:\WINDOWS\System32\RPCRT4.dll
0x00007ffa1b590000 - 0x00007ffa1b610000 	C:\WINDOWS\System32\WS2_32.dll
0x00007ffa18c50000 - 0x00007ffa18cae000 	C:\WINDOWS\SYSTEM32\POWRPROF.dll
0x00007ffa0f620000 - 0x00007ffa0f656000 	C:\WINDOWS\SYSTEM32\WINMM.dll
0x00007ffa07d00000 - 0x00007ffa07d0b000 	C:\WINDOWS\SYSTEM32\VERSION.dll
0x00007ffa18c30000 - 0x00007ffa18c44000 	C:\WINDOWS\SYSTEM32\UMPDC.dll
0x00007ffa17b80000 - 0x00007ffa17b9b000 	C:\WINDOWS\SYSTEM32\kernel.appcore.dll
0x00007ffa0a370000 - 0x00007ffa0a37a000 	c:\Users\bcaro\.vscode\extensions\redhat.java-1.54.0-win32-x64\jre\21.0.10-win32-x86_64\bin\jimage.dll
0x00007ffa0b5d0000 - 0x00007ffa0b812000 	C:\WINDOWS\SYSTEM32\DBGHELP.DLL
0x00007ffa1b020000 - 0x00007ffa1b3a3000 	C:\WINDOWS\System32\combase.dll
0x00007ffa1ada0000 - 0x00007ffa1ae79000 	C:\WINDOWS\System32\OLEAUT32.dll
0x00007ff9fddc0000 - 0x00007ff9fddfb000 	C:\WINDOWS\SYSTEM32\dbgcore.DLL
0x00007ffa1a090000 - 0x00007ffa1a138000 	C:\WINDOWS\System32\bcryptPrimitives.dll
0x00007ffa08570000 - 0x00007ffa0857f000 	c:\Users\bcaro\.vscode\extensions\redhat.java-1.54.0-win32-x64\jre\21.0.10-win32-x86_64\bin\instrument.dll
0x00007ff9fc320000 - 0x00007ff9fc340000 	c:\Users\bcaro\.vscode\extensions\redhat.java-1.54.0-win32-x64\jre\21.0.10-win32-x86_64\bin\java.dll
0x00007ffa1b8c0000 - 0x00007ffa1c02e000 	C:\WINDOWS\System32\SHELL32.dll
0x00007ffa19590000 - 0x00007ffa19dfc000 	C:\WINDOWS\System32\windows.storage.dll
0x00007ffa1b7b0000 - 0x00007ffa1b8a6000 	C:\WINDOWS\System32\SHCORE.dll
0x00007ffa1c0f0000 - 0x00007ffa1c156000 	C:\WINDOWS\System32\shlwapi.dll
0x00007ffa18d10000 - 0x00007ffa18d39000 	C:\WINDOWS\SYSTEM32\profapi.dll
0x00007ff9fc280000 - 0x00007ff9fc298000 	c:\Users\bcaro\.vscode\extensions\redhat.java-1.54.0-win32-x64\jre\21.0.10-win32-x86_64\bin\zip.dll
0x00007ffa067a0000 - 0x00007ffa067b0000 	C:\Users\bcaro\.vscode\extensions\redhat.java-1.54.0-win32-x64\jre\21.0.10-win32-x86_64\bin\net.dll
0x00007ffa0e7f0000 - 0x00007ffa0e919000 	C:\WINDOWS\SYSTEM32\WINHTTP.dll
0x00007ffa180f0000 - 0x00007ffa1815c000 	C:\WINDOWS\system32\mswsock.dll
0x00007ff9fb770000 - 0x00007ff9fb786000 	C:\Users\bcaro\.vscode\extensions\redhat.java-1.54.0-win32-x64\jre\21.0.10-win32-x86_64\bin\nio.dll
0x00007ff9fc360000 - 0x00007ff9fc370000 	c:\Users\bcaro\.vscode\extensions\redhat.java-1.54.0-win32-x64\jre\21.0.10-win32-x86_64\bin\verify.dll
0x00007ff9f5cc0000 - 0x00007ff9f5d05000 	C:\Users\bcaro\AppData\Roaming\Code\User\globalStorage\redhat.java\1.54.0\config_win\org.eclipse.equinox.launcher\org.eclipse.equinox.launcher.win32.win32.x86_64_1.3.0.v20260203-2149\eclipse_11919.dll
0x00007ffa1ae80000 - 0x00007ffa1b017000 	C:\WINDOWS\System32\ole32.dll
0x00007ffa183d0000 - 0x00007ffa183eb000 	C:\WINDOWS\SYSTEM32\CRYPTSP.dll
0x00007ffa17ae0000 - 0x00007ffa17b19000 	C:\WINDOWS\system32\rsaenh.dll
0x00007ffa181a0000 - 0x00007ffa181d3000 	C:\WINDOWS\SYSTEM32\USERENV.dll
0x00007ffa18ce0000 - 0x00007ffa18d0a000 	C:\WINDOWS\SYSTEM32\bcrypt.dll
0x00007ffa183f0000 - 0x00007ffa183fc000 	C:\WINDOWS\SYSTEM32\CRYPTBASE.dll
0x00007ffa17570000 - 0x00007ffa175a2000 	C:\WINDOWS\SYSTEM32\IPHLPAPI.DLL
0x00007ffa1b6a0000 - 0x00007ffa1b6aa000 	C:\WINDOWS\System32\NSI.dll
0x00007ffa01570000 - 0x00007ffa015b9000 	C:\Users\bcaro\AppData\Local\Temp\jna-93551229\jna2258265029186275839.dll
0x00007ffa1c370000 - 0x00007ffa1c378000 	C:\WINDOWS\System32\PSAPI.DLL
0x00007ffa0f860000 - 0x00007ffa0f87d000 	C:\WINDOWS\SYSTEM32\dhcpcsvc6.DLL
0x00007ffa0f730000 - 0x00007ffa0f755000 	C:\WINDOWS\SYSTEM32\dhcpcsvc.DLL

JVMTI agents:
c:\Users\bcaro\.vscode\extensions\redhat.java-1.54.0-win32-x64\lombok\lombok-1.18.39-4050.jar path:c:\Users\bcaro\.vscode\extensions\redhat.java-1.54.0-win32-x64\jre\21.0.10-win32-x86_64\bin\instrument.dll, loaded, initialized, instrumentlib options:none

dbghelp: loaded successfully - version: 4.0.5 - missing functions: none
symbol engine: initialized successfully - sym options: 0x614 - pdb path: .;c:\Users\bcaro\.vscode\extensions\redhat.java-1.54.0-win32-x64\jre\21.0.10-win32-x86_64\bin;C:\WINDOWS\SYSTEM32;C:\WINDOWS\WinSxS\amd64_microsoft.windows.common-controls_6595b64144ccf1df_6.0.26100.8457_none_3e0b2faee331e92d;c:\Users\bcaro\.vscode\extensions\redhat.java-1.54.0-win32-x64\jre\21.0.10-win32-x86_64\bin\server;C:\Users\bcaro\AppData\Roaming\Code\User\globalStorage\redhat.java\1.54.0\config_win\org.eclipse.equinox.launcher\org.eclipse.equinox.launcher.win32.win32.x86_64_1.3.0.v20260203-2149;C:\Users\bcaro\AppData\Local\Temp\jna-93551229

VM Arguments:
jvm_args: --add-modules=ALL-SYSTEM --add-opens=java.base/java.util=ALL-UNNAMED --add-opens=java.base/java.lang=ALL-UNNAMED --add-opens=java.base/sun.nio.fs=ALL-UNNAMED -Declipse.application=org.eclipse.jdt.ls.core.id1 -Dosgi.bundles.defaultStartLevel=4 -Declipse.product=org.eclipse.jdt.ls.core.product -Djava.import.generatesMetadataFilesAtProjectRoot=false -DDetectVMInstallationsJob.disabled=true -Dfile.encoding=utf8 -XX:+UseParallelGC -XX:GCTimeRatio=4 -XX:AdaptiveSizePolicyWeight=90 -Dsun.zip.disableMemoryMapping=true -Xmx2G -Xms100m -Xlog:disable -javaagent:c:\Users\bcaro\.vscode\extensions\redhat.java-1.54.0-win32-x64\lombok\lombok-1.18.39-4050.jar -XX:+HeapDumpOnOutOfMemoryError -XX:HeapDumpPath=c:\Users\bcaro\AppData\Roaming\Code\User\workspaceStorage\eec651ce3047ecfa1403bab0ebfeefb4\redhat.java -Daether.dependencyCollector.impl=bf 
java_command: c:\Users\bcaro\.vscode\extensions\redhat.java-1.54.0-win32-x64\server\plugins\org.eclipse.equinox.launcher_1.7.100.v20251111-0406.jar -configuration c:\Users\bcaro\AppData\Roaming\Code\User\globalStorage\redhat.java\1.54.0\config_win -data c:\Users\bcaro\AppData\Roaming\Code\User\workspaceStorage\eec651ce3047ecfa1403bab0ebfeefb4\redhat.java\jdt_ws --pipe=\\.\pipe\lsp-757216f625a9f8aabe395d036f236b56-sock
java_class_path (initial): c:\Users\bcaro\.vscode\extensions\redhat.java-1.54.0-win32-x64\server\plugins\org.eclipse.equinox.launcher_1.7.100.v20251111-0406.jar
Launcher Type: SUN_STANDARD

[Global flags]
    uintx AdaptiveSizePolicyWeight                 = 90                                        {product} {command line}
     intx CICompilerCount                          = 4                                         {product} {ergonomic}
    uintx GCTimeRatio                              = 4                                         {product} {command line}
     bool HeapDumpOnOutOfMemoryError               = true                                   {manageable} {command line}
    ccstr HeapDumpPath                             = c:\Users\bcaro\AppData\Roaming\Code\User\workspaceStorage\eec651ce3047ecfa1403bab0ebfeefb4\redhat.java         {manageable} {command line}
   size_t InitialHeapSize                          = 104857600                                 {product} {command line}
   size_t MaxHeapSize                              = 2147483648                                {product} {command line}
   size_t MaxNewSize                               = 715653120                                 {product} {ergonomic}
   size_t MinHeapDeltaBytes                        = 524288                                    {product} {ergonomic}
   size_t MinHeapSize                              = 104857600                                 {product} {command line}
   size_t NewSize                                  = 34603008                                  {product} {ergonomic}
    uintx NonNMethodCodeHeapSize                   = 5839372                                {pd product} {ergonomic}
    uintx NonProfiledCodeHeapSize                  = 122909434                              {pd product} {ergonomic}
   size_t OldSize                                  = 70254592                                  {product} {ergonomic}
    uintx ProfiledCodeHeapSize                     = 122909434                              {pd product} {ergonomic}
    uintx ReservedCodeCacheSize                    = 251658240                              {pd product} {ergonomic}
     bool SegmentedCodeCache                       = true                                      {product} {ergonomic}
   size_t SoftMaxHeapSize                          = 2147483648                             {manageable} {ergonomic}
     bool UseCompressedOops                        = true                           {product lp64_product} {ergonomic}
     bool UseLargePagesIndividualAllocation        = false                                  {pd product} {ergonomic}
     bool UseParallelGC                            = true                                      {product} {command line}

Logging:
Log output configuration:
 #0: stdout all=off uptime,level,tags foldmultilines=false
 #1: stderr all=off uptime,level,tags foldmultilines=false

Release file:
JAVA_VERSION="21.0.10" 
MODULES="java.base java.compiler java.datatransfer java.xml java.prefs java.desktop java.instrument java.logging java.management java.security.sasl java.naming java.rmi java.management.rmi java.net.http java.scripting java.security.jgss java.transaction.xa java.sql java.sql.rowset java.xml.crypto java.se java.smartcardio jdk.accessibility jdk.internal.jvmstat jdk.attach jdk.charsets jdk.internal.opt jdk.zipfs jdk.compiler jdk.crypto.ec jdk.crypto.cryptoki jdk.crypto.mscapi jdk.dynalink jdk.internal.ed jdk.editpad jdk.hotspot.agent jdk.httpserver jdk.internal.le jdk.internal.vm.ci jdk.internal.vm.compiler jdk.internal.vm.compiler.management jdk.jartool jdk.javadoc jdk.jcmd jdk.management jdk.management.agent jdk.jconsole jdk.jdeps jdk.jdwp.agent jdk.jdi jdk.jfr jdk.jshell jdk.jsobject jdk.jstatd jdk.localedata jdk.management.jfr jdk.naming.dns jdk.naming.rmi jdk.net jdk.nio.mapmode jdk.random jdk.sctp jdk.security.auth jdk.security.jgss jdk.unsupported jdk.unsupported.desktop jdk.xml.dom" 

Environment Variables:
JAVA_HOME=C:\Program Files\Eclipse Adoptium\jdk-21
PATH=C:\Program Files\Eclipse Adoptium\jdk-21.0.9.10-hotspot\bin;C:\Program Files\Eclipse Adoptium\jdk-17.0.16.8-hotspot\bin;C:\oraclexe\app\oracle\product\11.2.0\server\bin;C:\Program Files (x86)\Common Files\Oracle\Java\javapath;C:\WINDOWS\system32;C:\WINDOWS;C:\WINDOWS\System32\Wbem;C:\WINDOWS\System32\WindowsPowerShell\v1.0\;C:\WINDOWS\System32\OpenSSH\;C:\Program Files\Git\cmd;C:\Program Files\nodejs\;C:\Program Files\PowerShell\7-preview\preview;C:\Users\bcaro\Downloads\apache-maven-3.9.11-bin;C:\Users\bcaro\Downloads\apache-maven-3.9.11-bin;C:\Users\bcaro\Downloads\apache-maven-3.9.11-bin\apache-maven-3.9.11\bin;C:\Program Files\Eclipse Adoptium\jdk-21\bin;C:\Program Files\PowerShell\7\;C:\Program Files\Docker\Docker\resources\bin;C:\Users\bcaro\Downloads\apache-maven-3.9.11-bin;C:\Users\bcaro\AppData\Local\Programs\Microsoft VS Code\bin;C:\Users\bcaro\AppData\Roaming\npm;C:\Users\bcaro\AppData\Local\GitHubDesktop\bin;C:\Program Files\Apache\Maven;C:\Program Files\apache-maven-3.9.11-bin;C:\Program Files\Eclipse Adoptium\jdk-21\bin;
USERNAME=bcaro
OS=Windows_NT
PROCESSOR_IDENTIFIER=AMD64 Family 23 Model 160 Stepping 0, AuthenticAMD
TMP=C:\Users\bcaro\AppData\Local\Temp
TEMP=C:\Users\bcaro\AppData\Local\Temp




Periodic native trim disabled

---------------  S Y S T E M  ---------------

OS:
 Windows 11 , 64 bit Build 26100 (10.0.26100.8328)
OS uptime: 8 days 7:32 hours
Hyper-V role detected

CPU: total 8 (initial active 8) (8 cores per cpu, 2 threads per core) family 23 model 160 stepping 0 microcode 0x8a00006, cx8, cmov, fxsr, ht, mmx, 3dnowpref, sse, sse2, sse3, ssse3, sse4a, sse4.1, sse4.2, popcnt, lzcnt, tsc, tscinvbit, avx, avx2, aes, clmul, bmi1, bmi2, adx, sha, fma, vzeroupper, clflush, clflushopt, hv, rdtscp, rdpid, f16c
Processor Information for the first 8 processors :
  Max Mhz: 2801, Current Mhz: 2483, Mhz Limit: 2801

Memory: 4k page, system-wide physical 7455M (1029M free)
TotalPageFile size 29983M (AvailPageFile size 4M)
current process WorkingSet (physical memory assigned to process): 8M, peak: 251M
current process commit charge ("private bytes"): 351M, peak: 382M

vm_info: OpenJDK 64-Bit Server VM (21.0.10+7-LTS) for windows-amd64 JRE (21.0.10+7-LTS), built on 2026-01-20T00:00:00Z by "admin" with MS VC++ 17.12 (VS2022)

END.
